Archive member included to satisfy reference by file (symbol)

/opt/riscv/lib/gcc/riscv32-unknown-elf/12.1.0/libgcc.a(muldi3.o)
                              top.elf-function.o (__mulsi3)

Memory Configuration

Name             Origin             Length             Attributes
vexriscv_debug   0x00000000f00f0000 0x0000000000000100
dff              0x0000000000000000 0x0000000000000400
dff2             0x0000000000000400 0x0000000000000200
flash            0x0000000010000000 0x0000000001000000
mprj             0x0000000030000000 0x0000000001000000
mprjram          0x0000000038000000 0x0000000000001000
all_data         0x0000000038001000 0x0000000000001000
hk               0x0000000026000000 0x0000000000100000
csr              0x00000000f0000000 0x0000000000010000
*default*        0x0000000000000000 0xffffffffffffffff

Linker script and memory map

                0x0000000000000000                __DYNAMIC = 0x0

.text           0x0000000010000000      0x218
                0x0000000010000000                _ftext = .
 *crt0*(.text)
 .text          0x0000000010000000      0x158 top.elf-crt0_vex.o
                0x0000000010000000                _start
                0x0000000010000020                trap_entry
 *crt0*(.text)
 *(.text.isr)
                0x0000000010000158                _etext = .
 .text          0x0000000010000158       0x3c top.elf-isr.o
                0x0000000010000158                isr
 .text          0x0000000010000194        0x0 top.elf-function.o
 .text          0x0000000010000194       0x84 top.elf-top.o
                0x0000000010000194                putchar
                0x00000000100001d0                print

.mprj           0x0000000010000218       0xf8
 .mprj          0x0000000010000218       0xf8 top.elf-function.o
                0x0000000010000218                uart_write
                0x0000000010000230                uart_write_char
                0x000000001000026c                uart_write_string
                0x00000000100002b8                uart_read_char
                0x00000000100002e8                uart_read

.text.startup   0x0000000010000310      0x214
 .text.startup  0x0000000010000310      0x214 top.elf-top.o
                0x0000000010000310                main

.rodata         0x0000000010000524        0x4
                0x0000000010000528                . = ALIGN (0x8)
 *fill*         0x0000000010000524        0x4 
                0x0000000010000528                _frodata = .
 *(.rodata .rodata.* .gnu.linkonce.r.*)
 *(.rodata1)
                0x0000000010000528                . = ALIGN (0x8)
                0x0000000010000528                _erodata = .

.mprjram        0x0000000038000000      0xe84 load address 0x0000000010000528
                0x0000000038000000                . = ALIGN (0x8)
                0x0000000038000000                _fsram = .
 *libgcc.a:*(.text .text.*)
 .text          0x0000000038000000       0x24 /opt/riscv/lib/gcc/riscv32-unknown-elf/12.1.0/libgcc.a(muldi3.o)
                0x0000000038000000                __mulsi3
 .mprjram       0x0000000038000024      0xe60 top.elf-function.o
                0x0000000038000024                matmul
                0x000000003800069c                partition
                0x00000000380008c0                sort
                0x0000000038000b34                qsort
                0x0000000038000d64                initfir
                0x0000000038000ddc                fir

.rela.dyn       0x0000000038000e84        0x0 load address 0x00000000100013ac
 .rela.text     0x0000000038000e84        0x0 top.elf-crt0_vex.o

.data           0x0000000038001000      0x1b0 load address 0x00000000100013ac
                0x0000000038001000                . = ALIGN (0x8)
                0x0000000038001000                _fdata = .
 *(.data .data.* .gnu.linkonce.d.*)
 .data          0x0000000038001000        0x0 top.elf-crt0_vex.o
 .data          0x0000000038001000        0x0 top.elf-isr.o
 .data          0x0000000038001000      0x1a8 top.elf-function.o
                0x0000000038001000                B
                0x0000000038001040                A
                0x0000000038001080                QS
                0x00000000380010a8                inputdata
 .data          0x00000000380011a8        0x0 top.elf-top.o
 .data          0x00000000380011a8        0x0 /opt/riscv/lib/gcc/riscv32-unknown-elf/12.1.0/libgcc.a(muldi3.o)
 *(.data1)
                0x00000000380011b0                _gp = ALIGN (0x10)
 *(.sdata .sdata.* .gnu.linkonce.s.*)
 .sdata         0x00000000380011a8        0x4 top.elf-isr.o
                0x00000000380011a8                counter
                0x00000000380011b0                . = ALIGN (0x8)
 *fill*         0x00000000380011ac        0x4 
                0x00000000380011b0                _edata = .

.bss            0x00000000380011b0      0x140 load address 0x000000001000155c
                0x00000000380011b0                . = ALIGN (0x8)
                0x00000000380011b0                _fbss = .
 *(.dynsbss)
 *(.sbss .sbss.* .gnu.linkonce.sb.*)
 *(.scommon)
 *(.dynbss)
 *(.bss .bss.* .gnu.linkonce.b.*)
 .bss           0x00000000380011b0        0x0 top.elf-crt0_vex.o
 .bss           0x00000000380011b0        0x0 top.elf-isr.o
 .bss           0x00000000380011b0      0x140 top.elf-function.o
                0x00000000380011b0                result
                0x00000000380011f0                ans
 .bss           0x00000000380012f0        0x0 top.elf-top.o
 .bss           0x00000000380012f0        0x0 /opt/riscv/lib/gcc/riscv32-unknown-elf/12.1.0/libgcc.a(muldi3.o)
 *(COMMON)
                0x00000000380012f0                . = ALIGN (0x8)
                0x00000000380012f0                _ebss = .
                0x00000000380012f0                _end = .
                0x0000000000000600                PROVIDE (_fstack = (ORIGIN (dff2) + LENGTH (dff2)))
                0x00000000100013ac                PROVIDE (_fdata_rom = LOADADDR (.data))
                [!provide]                        PROVIDE (_edata_rom = (LOADADDR (.data) + SIZEOF (.data)))
                0x0000000038000e84                PROVIDE (_esram = (ORIGIN (mprjram) + SIZEOF (.mprjram)))
                0x0000000010000528                PROVIDE (_esram_rom = LOADADDR (.mprjram))
LOAD top.elf-crt0_vex.o
LOAD top.elf-isr.o
LOAD top.elf-function.o
LOAD top.elf-top.o
LOAD /opt/riscv/lib/gcc/riscv32-unknown-elf/12.1.0/libgcc.a
START GROUP
LOAD /opt/riscv/lib/gcc/riscv32-unknown-elf/12.1.0/../../../../riscv32-unknown-elf/lib/libc.a
LOAD /opt/riscv/lib/gcc/riscv32-unknown-elf/12.1.0/../../../../riscv32-unknown-elf/lib/libgloss.a
END GROUP
LOAD /opt/riscv/lib/gcc/riscv32-unknown-elf/12.1.0/libgcc.a
OUTPUT(top.elf elf32-littleriscv)

.riscv.attributes
                0x0000000000000000       0x20
 .riscv.attributes
                0x0000000000000000       0x1e top.elf-crt0_vex.o
 .riscv.attributes
                0x000000000000001e       0x20 top.elf-isr.o
 .riscv.attributes
                0x000000000000003e       0x1c top.elf-function.o
 .riscv.attributes
                0x000000000000005a       0x20 top.elf-top.o
 .riscv.attributes
                0x000000000000007a       0x1a /opt/riscv/lib/gcc/riscv32-unknown-elf/12.1.0/libgcc.a(muldi3.o)

.comment        0x0000000000000000       0x1b
 .comment       0x0000000000000000       0x1b top.elf-isr.o
                                         0x1c (size before relaxing)
 .comment       0x000000000000001b       0x1c top.elf-function.o
 .comment       0x000000000000001b       0x1c top.elf-top.o

.debug_line     0x0000000000000000     0x31c5
 .debug_line    0x0000000000000000      0x20a top.elf-crt0_vex.o
 .debug_line    0x000000000000020a      0x121 top.elf-isr.o
 .debug_line    0x000000000000032b     0x2592 top.elf-function.o
 .debug_line    0x00000000000028bd      0x88e top.elf-top.o
 .debug_line    0x000000000000314b       0x7a /opt/riscv/lib/gcc/riscv32-unknown-elf/12.1.0/libgcc.a(muldi3.o)

.debug_line_str
                0x0000000000000000      0x18f
 .debug_line_str
                0x0000000000000000       0x55 top.elf-crt0_vex.o
 .debug_line_str
                0x0000000000000055       0x83 top.elf-isr.o
                                        0x114 (size before relaxing)
 .debug_line_str
                0x00000000000000d8       0x16 top.elf-function.o
                                         0xe5 (size before relaxing)
 .debug_line_str
                0x00000000000000ee        0xd top.elf-top.o
                                        0x10c (size before relaxing)
 .debug_line_str
                0x00000000000000fb       0x94 /opt/riscv/lib/gcc/riscv32-unknown-elf/12.1.0/libgcc.a(muldi3.o)

.debug_info     0x0000000000000000      0xc59
 .debug_info    0x0000000000000000       0x25 top.elf-crt0_vex.o
 .debug_info    0x0000000000000025      0x1cc top.elf-isr.o
 .debug_info    0x00000000000001f1      0x772 top.elf-function.o
 .debug_info    0x0000000000000963      0x2c7 top.elf-top.o
 .debug_info    0x0000000000000c2a       0x2f /opt/riscv/lib/gcc/riscv32-unknown-elf/12.1.0/libgcc.a(muldi3.o)

.debug_abbrev   0x0000000000000000      0x62e
 .debug_abbrev  0x0000000000000000       0x14 top.elf-crt0_vex.o
 .debug_abbrev  0x0000000000000014      0x170 top.elf-isr.o
 .debug_abbrev  0x0000000000000184      0x27b top.elf-function.o
 .debug_abbrev  0x00000000000003ff      0x20e top.elf-top.o
 .debug_abbrev  0x000000000000060d       0x21 /opt/riscv/lib/gcc/riscv32-unknown-elf/12.1.0/libgcc.a(muldi3.o)

.debug_aranges  0x0000000000000000       0xf8
 .debug_aranges
                0x0000000000000000       0x20 top.elf-crt0_vex.o
 .debug_aranges
                0x0000000000000020       0x20 top.elf-isr.o
 .debug_aranges
                0x0000000000000040       0x70 top.elf-function.o
 .debug_aranges
                0x00000000000000b0       0x28 top.elf-top.o
 .debug_aranges
                0x00000000000000d8       0x20 /opt/riscv/lib/gcc/riscv32-unknown-elf/12.1.0/libgcc.a(muldi3.o)

.debug_str      0x0000000000000000      0x2ce
 .debug_str     0x0000000000000000       0x61 top.elf-crt0_vex.o
 .debug_str     0x0000000000000061      0x11b top.elf-isr.o
                                        0x15c (size before relaxing)
 .debug_str     0x000000000000017c       0x75 top.elf-function.o
                                        0x17c (size before relaxing)
 .debug_str     0x00000000000001f1       0x49 top.elf-top.o
                                        0x165 (size before relaxing)
 .debug_str     0x000000000000023a       0x94 /opt/riscv/lib/gcc/riscv32-unknown-elf/12.1.0/libgcc.a(muldi3.o)
                                         0xa9 (size before relaxing)

.debug_loclists
                0x0000000000000000     0x1327
 .debug_loclists
                0x0000000000000000       0x52 top.elf-isr.o
 .debug_loclists
                0x0000000000000052     0x1214 top.elf-function.o
 .debug_loclists
                0x0000000000001266       0xc1 top.elf-top.o

.debug_rnglists
                0x0000000000000000      0x1d7
 .debug_rnglists
                0x0000000000000000       0x1f top.elf-isr.o
 .debug_rnglists
                0x000000000000001f      0x16a top.elf-function.o
 .debug_rnglists
                0x0000000000000189       0x4e top.elf-top.o

.debug_frame    0x0000000000000000      0x1d0
 .debug_frame   0x0000000000000000       0x2c top.elf-isr.o
 .debug_frame   0x000000000000002c      0x150 top.elf-function.o
 .debug_frame   0x000000000000017c       0x54 top.elf-top.o
